{
  "mean_active_state_regret_belief_recall": 0.20194444444444445,
  "mean_active_state_regret_immediate_eig": 0.3719444444444444,
  "mean_coverage_regret_belief_recall": 0.030291666666666668,
  "mean_coverage_regret_immediate_eig": 0.05579166666666666,
  "mean_oracle_candidate_expected_truth_coverage": 0.08079166666666666,
  "mean_paired_selected_coverage_gain": 0.025499999999999995,
  "mean_selected_expected_truth_coverage_belief_recall": 0.05049999999999999,
  "mean_selected_expected_truth_coverage_immediate_eig": 0.025,
  "num_active_states": 3,
  "num_candidate_rows": 60,
  "num_states": 20,
  "ranker_immediate_wins_ties_losses": [
    1,
    19,
    0
  ],
  "spearman_belief_recall_score_vs_expected_truth_coverage": -0.08648878249120621,
  "spearman_immediate_eig_vs_expected_truth_coverage": -0.10054263626240854
}
