[beliefs] Generating beliefs from 2 answered round(s)
[beliefs] Generated 64 raw belief(s) across 4 call(s)
[beliefs] 29 belief(s) remain after structural cleanup
[beliefs] Generating beliefs from 2 answered round(s)
[beliefs] Generated 106 raw belief(s) across 4 call(s)
[beliefs] 31 belief(s) remain after structural cleanup
[beliefs] Generating beliefs from 2 answered round(s)
[beliefs] Generated 65 raw belief(s) across 4 call(s)
[beliefs] 23 belief(s) remain after structural cleanup
[beliefs] Generating beliefs from 2 answered round(s)
[beliefs] Generated 64 raw belief(s) across 4 call(s)
[beliefs] 25 belief(s) remain after structural cleanup
[beliefs] Generating beliefs from 2 answered round(s)
[beliefs] Generated 64 raw belief(s) across 4 call(s)
[beliefs] 21 belief(s) remain after structural cleanup
[beliefs] Generating beliefs from 2 answered round(s)
[beliefs] Generated 64 raw belief(s) across 4 call(s)
[beliefs] 25 belief(s) remain after structural cleanup
[beliefs] Validating 154 cleaned belief name(s)
[beliefs] 149 belief(s) remain after animal-name validation
[beliefs] Filtering 29 belief(s) against 2 answered round(s)
[beliefs] Filtering 27 belief(s) against 2 answered round(s)
[beliefs] Filtering 22 belief(s) against 2 answered round(s)
[beliefs] Filtering 25 belief(s) against 2 answered round(s)
[beliefs] Filtering 21 belief(s) against 2 answered round(s)
[beliefs] Filtering 25 belief(s) against 2 answered round(s)
[beliefs] 26 belief(s) remain after filtering
[beliefs] 23 belief(s) remain after filtering
[beliefs] 19 belief(s) remain after filtering
[beliefs] 21 belief(s) remain after filtering
[beliefs] 16 belief(s) remain after filtering
[beliefs] 22 belief(s) remain after filtering
[beliefs] Filtering 23 belief(s) against 1 answered round(s)
[beliefs] Filtering 23 belief(s) against 1 answered round(s)
[beliefs] Filtering 23 belief(s) against 1 answered round(s)
[beliefs] Filtering 23 belief(s) against 1 answered round(s)
[beliefs] Filtering 23 belief(s) against 1 answered round(s)
[beliefs] Filtering 23 belief(s) against 1 answered round(s)
[beliefs] 20 belief(s) remain after filtering
[beliefs] 3 belief(s) remain after filtering
[beliefs] 9 belief(s) remain after filtering
[beliefs] 14 belief(s) remain after filtering
[beliefs] 16 belief(s) remain after filtering
[beliefs] 7 belief(s) remain after filtering
[beliefs] Generating beliefs from 2 answered round(s)
[beliefs] Generated 64 raw belief(s) across 4 call(s)
[beliefs] 20 belief(s) remain after structural cleanup
[beliefs] Generating beliefs from 2 answered round(s)
[beliefs] Generated 64 raw belief(s) across 4 call(s)
[beliefs] 30 belief(s) remain after structural cleanup
[beliefs] Generating beliefs from 2 answered round(s)
[beliefs] Generated 64 raw belief(s) across 4 call(s)
[beliefs] 23 belief(s) remain after structural cleanup
[beliefs] Generating beliefs from 2 answered round(s)
[beliefs] Generated 64 raw belief(s) across 4 call(s)
[beliefs] 25 belief(s) remain after structural cleanup
[beliefs] Generating beliefs from 2 answered round(s)
[beliefs] Generated 64 raw belief(s) across 4 call(s)
[beliefs] 19 belief(s) remain after structural cleanup
[beliefs] Generating beliefs from 2 answered round(s)
[beliefs] Generated 64 raw belief(s) across 4 call(s)
[beliefs] 22 belief(s) remain after structural cleanup
[beliefs] Validating 139 cleaned belief name(s)
[beliefs] 139 belief(s) remain after animal-name validation
[beliefs] Filtering 20 belief(s) against 2 answered round(s)
[beliefs] Filtering 30 belief(s) against 2 answered round(s)
[beliefs] Filtering 23 belief(s) against 2 answered round(s)
[beliefs] Filtering 25 belief(s) against 2 answered round(s)
[beliefs] Filtering 19 belief(s) against 2 answered round(s)
[beliefs] Filtering 22 belief(s) against 2 answered round(s)
[beliefs] 20 belief(s) remain after filtering
[beliefs] 27 belief(s) remain after filtering
[beliefs] 17 belief(s) remain after filtering
[beliefs] 24 belief(s) remain after filtering
[beliefs] 19 belief(s) remain after filtering
[beliefs] 21 belief(s) remain after filtering
[beliefs] Filtering 12 belief(s) against 1 answered round(s)
[beliefs] Filtering 12 belief(s) against 1 answered round(s)
[beliefs] Filtering 12 belief(s) against 1 answered round(s)
[beliefs] Filtering 12 belief(s) against 1 answered round(s)
[beliefs] Filtering 12 belief(s) against 1 answered round(s)
[beliefs] Filtering 12 belief(s) against 1 answered round(s)
[beliefs] 5 belief(s) remain after filtering
[beliefs] 7 belief(s) remain after filtering
[beliefs] 6 belief(s) remain after filtering
[beliefs] 7 belief(s) remain after filtering
[beliefs] 4 belief(s) remain after filtering
[beliefs] 8 belief(s) remain after filtering
[beliefs] Generating beliefs from 2 answered round(s)
[beliefs] Generated 64 raw belief(s) across 4 call(s)
[beliefs] 25 belief(s) remain after structural cleanup
[beliefs] Generating beliefs from 2 answered round(s)
[beliefs] Generated 81 raw belief(s) across 4 call(s)
[beliefs] 39 belief(s) remain after structural cleanup
[beliefs] Generating beliefs from 2 answered round(s)
[beliefs] Generated 64 raw belief(s) across 4 call(s)
[beliefs] 24 belief(s) remain after structural cleanup
[beliefs] Generating beliefs from 2 answered round(s)
[beliefs] Generated 64 raw belief(s) across 4 call(s)
[beliefs] 34 belief(s) remain after structural cleanup
[beliefs] Generating beliefs from 2 answered round(s)
[beliefs] Generated 64 raw belief(s) across 4 call(s)
[beliefs] 22 belief(s) remain after structural cleanup
[beliefs] Generating beliefs from 2 answered round(s)
[beliefs] Generated 64 raw belief(s) across 4 call(s)
[beliefs] 47 belief(s) remain after structural cleanup
[beliefs] Validating 191 cleaned belief name(s)
[beliefs] 190 belief(s) remain after animal-name validation
[beliefs] Filtering 25 belief(s) against 2 answered round(s)
[beliefs] Filtering 39 belief(s) against 2 answered round(s)
[beliefs] Filtering 24 belief(s) against 2 answered round(s)
[beliefs] Filtering 34 belief(s) against 2 answered round(s)
[beliefs] Filtering 21 belief(s) against 2 answered round(s)
[beliefs] Filtering 47 belief(s) against 2 answered round(s)
[beliefs] 25 belief(s) remain after filtering
[beliefs] 36 belief(s) remain after filtering
[beliefs] 23 belief(s) remain after filtering
[beliefs] 31 belief(s) remain after filtering
[beliefs] 21 belief(s) remain after filtering
[beliefs] 45 belief(s) remain after filtering
[beliefs] Filtering 22 belief(s) against 1 answered round(s)
[beliefs] Filtering 22 belief(s) against 1 answered round(s)
[beliefs] Filtering 22 belief(s) against 1 answered round(s)
[beliefs] Filtering 22 belief(s) against 1 answered round(s)
[beliefs] Filtering 22 belief(s) against 1 answered round(s)
[beliefs] Filtering 22 belief(s) against 1 answered round(s)
[beliefs] 13 belief(s) remain after filtering
[beliefs] 9 belief(s) remain after filtering
[beliefs] 8 belief(s) remain after filtering
[beliefs] 14 belief(s) remain after filtering
[beliefs] 5 belief(s) remain after filtering
[beliefs] 17 belief(s) remain after filtering
[beliefs] Generating beliefs from 2 answered round(s)
[beliefs] Generated 64 raw belief(s) across 4 call(s)
[beliefs] 21 belief(s) remain after structural cleanup
[beliefs] Generating beliefs from 2 answered round(s)
[beliefs] Generated 64 raw belief(s) across 4 call(s)
[beliefs] 23 belief(s) remain after structural cleanup
[beliefs] Generating beliefs from 2 answered round(s)
[beliefs] Generated 65 raw belief(s) across 4 call(s)
[beliefs] 23 belief(s) remain after structural cleanup
[beliefs] Generating beliefs from 2 answered round(s)
[beliefs] Generated 64 raw belief(s) across 4 call(s)
[beliefs] 27 belief(s) remain after structural cleanup
[beliefs] Generating beliefs from 2 answered round(s)
[beliefs] Generated 64 raw belief(s) across 4 call(s)
[beliefs] 20 belief(s) remain after structural cleanup
[beliefs] Generating beliefs from 2 answered round(s)
[beliefs] Generated 64 raw belief(s) across 4 call(s)
[beliefs] 22 belief(s) remain after structural cleanup
[beliefs] Validating 136 cleaned belief name(s)
[beliefs] 136 belief(s) remain after animal-name validation
[beliefs] Filtering 21 belief(s) against 2 answered round(s)
[beliefs] Filtering 23 belief(s) against 2 answered round(s)
[beliefs] Filtering 23 belief(s) against 2 answered round(s)
[beliefs] Filtering 27 belief(s) against 2 answered round(s)
[beliefs] Filtering 20 belief(s) against 2 answered round(s)
[beliefs] Filtering 22 belief(s) against 2 answered round(s)
[beliefs] 18 belief(s) remain after filtering
[beliefs] 20 belief(s) remain after filtering
[beliefs] 21 belief(s) remain after filtering
[beliefs] 22 belief(s) remain after filtering
[beliefs] 17 belief(s) remain after filtering
[beliefs] 18 belief(s) remain after filtering
[beliefs] Filtering 22 belief(s) against 1 answered round(s)
[beliefs] Filtering 22 belief(s) against 1 answered round(s)
[beliefs] Filtering 22 belief(s) against 1 answered round(s)
[beliefs] Filtering 22 belief(s) against 1 answered round(s)
[beliefs] Filtering 22 belief(s) against 1 answered round(s)
[beliefs] Filtering 22 belief(s) against 1 answered round(s)
[beliefs] 19 belief(s) remain after filtering
[beliefs] 3 belief(s) remain after filtering
[beliefs] 10 belief(s) remain after filtering
[beliefs] 13 belief(s) remain after filtering
[beliefs] 11 belief(s) remain after filtering
[beliefs] 13 belief(s) remain after filtering
[beliefs] Generating beliefs from 2 answered round(s)
[beliefs] Generated 64 raw belief(s) across 4 call(s)
[beliefs] 19 belief(s) remain after structural cleanup
[beliefs] Generating beliefs from 2 answered round(s)
[beliefs] Generated 64 raw belief(s) across 4 call(s)
[beliefs] 19 belief(s) remain after structural cleanup
[beliefs] Generating beliefs from 2 answered round(s)
[beliefs] Generated 64 raw belief(s) across 4 call(s)
[beliefs] 22 belief(s) remain after structural cleanup
[beliefs] Generating beliefs from 2 answered round(s)
[beliefs] Generated 64 raw belief(s) across 4 call(s)
[beliefs] 30 belief(s) remain after structural cleanup
[beliefs] Generating beliefs from 2 answered round(s)
[beliefs] Generated 64 raw belief(s) across 4 call(s)
[beliefs] 22 belief(s) remain after structural cleanup
[beliefs] Generating beliefs from 2 answered round(s)
[beliefs] Generated 64 raw belief(s) across 4 call(s)
[beliefs] 21 belief(s) remain after structural cleanup
[beliefs] Validating 133 cleaned belief name(s)
[beliefs] 133 belief(s) remain after animal-name validation
[beliefs] Filtering 19 belief(s) against 2 answered round(s)
[beliefs] Filtering 19 belief(s) against 2 answered round(s)
[beliefs] Filtering 22 belief(s) against 2 answered round(s)
[beliefs] Filtering 30 belief(s) against 2 answered round(s)
[beliefs] Filtering 22 belief(s) against 2 answered round(s)
[beliefs] Filtering 21 belief(s) against 2 answered round(s)
[beliefs] 19 belief(s) remain after filtering
[beliefs] 16 belief(s) remain after filtering
[beliefs] 22 belief(s) remain after filtering
[beliefs] 29 belief(s) remain after filtering
[beliefs] 20 belief(s) remain after filtering
[beliefs] 21 belief(s) remain after filtering
[beliefs] Filtering 12 belief(s) against 1 answered round(s)
[beliefs] Filtering 12 belief(s) against 1 answered round(s)
[beliefs] Filtering 12 belief(s) against 1 answered round(s)
[beliefs] Filtering 12 belief(s) against 1 answered round(s)
[beliefs] Filtering 12 belief(s) against 1 answered round(s)
[beliefs] Filtering 12 belief(s) against 1 answered round(s)
[beliefs] 5 belief(s) remain after filtering
[beliefs] 7 belief(s) remain after filtering
[beliefs] 5 belief(s) remain after filtering
[beliefs] 7 belief(s) remain after filtering
[beliefs] 6 belief(s) remain after filtering
[beliefs] 7 belief(s) remain after filtering
[beliefs] Generating beliefs from 2 answered round(s)
[beliefs] Generated 64 raw belief(s) across 4 call(s)
[beliefs] 20 belief(s) remain after structural cleanup
[beliefs] Generating beliefs from 2 answered round(s)
[beliefs] Generated 64 raw belief(s) across 4 call(s)
[beliefs] 24 belief(s) remain after structural cleanup
[beliefs] Generating beliefs from 2 answered round(s)
[beliefs] Generated 64 raw belief(s) across 4 call(s)
[beliefs] 24 belief(s) remain after structural cleanup
[beliefs] Generating beliefs from 2 answered round(s)
[beliefs] Generated 92 raw belief(s) across 4 call(s)
[beliefs] 30 belief(s) remain after structural cleanup
[beliefs] Generating beliefs from 2 answered round(s)
[beliefs] Generated 60 raw belief(s) across 4 call(s)
[beliefs] 23 belief(s) remain after structural cleanup
[beliefs] Generating beliefs from 2 answered round(s)
[beliefs] Generated 64 raw belief(s) across 4 call(s)
[beliefs] 36 belief(s) remain after structural cleanup
[beliefs] Validating 157 cleaned belief name(s)
[beliefs] 152 belief(s) remain after animal-name validation
[beliefs] Filtering 20 belief(s) against 2 answered round(s)
[beliefs] Filtering 24 belief(s) against 2 answered round(s)
[beliefs] Filtering 24 belief(s) against 2 answered round(s)
[beliefs] Filtering 26 belief(s) against 2 answered round(s)
[beliefs] Filtering 23 belief(s) against 2 answered round(s)
[beliefs] Filtering 35 belief(s) against 2 answered round(s)
[beliefs] 20 belief(s) remain after filtering
[beliefs] 20 belief(s) remain after filtering
[beliefs] 24 belief(s) remain after filtering
[beliefs] 20 belief(s) remain after filtering
[beliefs] 23 belief(s) remain after filtering
[beliefs] 33 belief(s) remain after filtering
[beliefs] Filtering 22 belief(s) against 1 answered round(s)
[beliefs] Filtering 22 belief(s) against 1 answered round(s)
[beliefs] Filtering 22 belief(s) against 1 answered round(s)
[beliefs] Filtering 22 belief(s) against 1 answered round(s)
[beliefs] Filtering 22 belief(s) against 1 answered round(s)
[beliefs] Filtering 22 belief(s) against 1 answered round(s)
[beliefs] 7 belief(s) remain after filtering
[beliefs] 15 belief(s) remain after filtering
[beliefs] 14 belief(s) remain after filtering
[beliefs] 8 belief(s) remain after filtering
[beliefs] 9 belief(s) remain after filtering
[beliefs] 14 belief(s) remain after filtering
[beliefs] Generating beliefs from 2 answered round(s)
[beliefs] Generated 64 raw belief(s) across 4 call(s)
[beliefs] 30 belief(s) remain after structural cleanup
[beliefs] Generating beliefs from 2 answered round(s)
[beliefs] Generated 64 raw belief(s) across 4 call(s)
[beliefs] 23 belief(s) remain after structural cleanup
[beliefs] Generating beliefs from 2 answered round(s)
[beliefs] Generated 64 raw belief(s) across 4 call(s)
[beliefs] 25 belief(s) remain after structural cleanup
[beliefs] Generating beliefs from 2 answered round(s)
[beliefs] Generated 60 raw belief(s) across 4 call(s)
[beliefs] 35 belief(s) remain after structural cleanup
[beliefs] Generating beliefs from 2 answered round(s)
[beliefs] Generated 65 raw belief(s) across 4 call(s)
[beliefs] 27 belief(s) remain after structural cleanup
[beliefs] Generating beliefs from 2 answered round(s)
[beliefs] Generated 64 raw belief(s) across 4 call(s)
[beliefs] 27 belief(s) remain after structural cleanup
[beliefs] Validating 167 cleaned belief name(s)
[beliefs] 166 belief(s) remain after animal-name validation
[beliefs] Filtering 30 belief(s) against 2 answered round(s)
[beliefs] Filtering 23 belief(s) against 2 answered round(s)
[beliefs] Filtering 25 belief(s) against 2 answered round(s)
[beliefs] Filtering 35 belief(s) against 2 answered round(s)
[beliefs] Filtering 26 belief(s) against 2 answered round(s)
[beliefs] Filtering 27 belief(s) against 2 answered round(s)
[beliefs] 27 belief(s) remain after filtering
[beliefs] 15 belief(s) remain after filtering
[beliefs] 23 belief(s) remain after filtering
[beliefs] 32 belief(s) remain after filtering
[beliefs] 24 belief(s) remain after filtering
[beliefs] 22 belief(s) remain after filtering
[beliefs] Filtering 21 belief(s) against 1 answered round(s)
[beliefs] Filtering 21 belief(s) against 1 answered round(s)
[beliefs] Filtering 21 belief(s) against 1 answered round(s)
[beliefs] Filtering 21 belief(s) against 1 answered round(s)
[beliefs] Filtering 21 belief(s) against 1 answered round(s)
[beliefs] Filtering 21 belief(s) against 1 answered round(s)
[beliefs] 13 belief(s) remain after filtering
[beliefs] 8 belief(s) remain after filtering
[beliefs] 5 belief(s) remain after filtering
[beliefs] 16 belief(s) remain after filtering
[beliefs] 12 belief(s) remain after filtering
[beliefs] 10 belief(s) remain after filtering
[beliefs] Generating beliefs from 2 answered round(s)
[beliefs] Generated 64 raw belief(s) across 4 call(s)
[beliefs] 19 belief(s) remain after structural cleanup
[beliefs] Generating beliefs from 2 answered round(s)
[beliefs] Generated 64 raw belief(s) across 4 call(s)
[beliefs] 23 belief(s) remain after structural cleanup
[beliefs] Generating beliefs from 2 answered round(s)
[beliefs] Generated 64 raw belief(s) across 4 call(s)
[beliefs] 16 belief(s) remain after structural cleanup
[beliefs] Generating beliefs from 2 answered round(s)
[beliefs] Generated 64 raw belief(s) across 4 call(s)
[beliefs] 24 belief(s) remain after structural cleanup
[beliefs] Generating beliefs from 2 answered round(s)
[beliefs] Generated 64 raw belief(s) across 4 call(s)
[beliefs] 22 belief(s) remain after structural cleanup
[beliefs] Generating beliefs from 2 answered round(s)
[beliefs] Generated 64 raw belief(s) across 4 call(s)
[beliefs] 22 belief(s) remain after structural cleanup
[beliefs] Validating 126 cleaned belief name(s)
[beliefs] 125 belief(s) remain after animal-name validation
[beliefs] Filtering 19 belief(s) against 2 answered round(s)
[beliefs] Filtering 23 belief(s) against 2 answered round(s)
[beliefs] Filtering 15 belief(s) against 2 answered round(s)
[beliefs] Filtering 24 belief(s) against 2 answered round(s)
[beliefs] Filtering 22 belief(s) against 2 answered round(s)
[beliefs] Filtering 22 belief(s) against 2 answered round(s)
[beliefs] 19 belief(s) remain after filtering
[beliefs] 20 belief(s) remain after filtering
[beliefs] 14 belief(s) remain after filtering
[beliefs] 20 belief(s) remain after filtering
[beliefs] 21 belief(s) remain after filtering
[beliefs] 21 belief(s) remain after filtering
[beliefs] Filtering 12 belief(s) against 1 answered round(s)
[beliefs] Filtering 12 belief(s) against 1 answered round(s)
[beliefs] Filtering 12 belief(s) against 1 answered round(s)
[beliefs] Filtering 12 belief(s) against 1 answered round(s)
[beliefs] Filtering 12 belief(s) against 1 answered round(s)
[beliefs] Filtering 12 belief(s) against 1 answered round(s)
[beliefs] 4 belief(s) remain after filtering
[beliefs] 8 belief(s) remain after filtering
[beliefs] 5 belief(s) remain after filtering
[beliefs] 7 belief(s) remain after filtering
[beliefs] 6 belief(s) remain after filtering
[beliefs] 7 belief(s) remain after filtering
[beliefs] Generating beliefs from 2 answered round(s)
[beliefs] Generated 64 raw belief(s) across 4 call(s)
[beliefs] 20 belief(s) remain after structural cleanup
[beliefs] Generating beliefs from 2 answered round(s)
[beliefs] Generated 71 raw belief(s) across 4 call(s)
[beliefs] 26 belief(s) remain after structural cleanup
[beliefs] Generating beliefs from 2 answered round(s)
[beliefs] Generated 64 raw belief(s) across 4 call(s)
[beliefs] 18 belief(s) remain after structural cleanup
[beliefs] Generating beliefs from 2 answered round(s)
[beliefs] Generated 107 raw belief(s) across 4 call(s)
[beliefs] 27 belief(s) remain after structural cleanup
[beliefs] Generating beliefs from 2 answered round(s)
[beliefs] Generated 64 raw belief(s) across 4 call(s)
[beliefs] 24 belief(s) remain after structural cleanup
[beliefs] Generating beliefs from 2 answered round(s)
[beliefs] Generated 64 raw belief(s) across 4 call(s)
[beliefs] 21 belief(s) remain after structural cleanup
[beliefs] Validating 136 cleaned belief name(s)
[beliefs] 133 belief(s) remain after animal-name validation
[beliefs] Filtering 20 belief(s) against 2 answered round(s)
[beliefs] Filtering 26 belief(s) against 2 answered round(s)
[beliefs] Filtering 18 belief(s) against 2 answered round(s)
[beliefs] Filtering 24 belief(s) against 2 answered round(s)
[beliefs] Filtering 24 belief(s) against 2 answered round(s)
[beliefs] Filtering 21 belief(s) against 2 answered round(s)
[beliefs] 20 belief(s) remain after filtering
[beliefs] 21 belief(s) remain after filtering
[beliefs] 16 belief(s) remain after filtering
[beliefs] 21 belief(s) remain after filtering
[beliefs] 22 belief(s) remain after filtering
[beliefs] 18 belief(s) remain after filtering
[beliefs] Filtering 23 belief(s) against 1 answered round(s)
[beliefs] Filtering 23 belief(s) against 1 answered round(s)
[beliefs] Filtering 23 belief(s) against 1 answered round(s)
[beliefs] Filtering 23 belief(s) against 1 answered round(s)
[beliefs] Filtering 23 belief(s) against 1 answered round(s)
[beliefs] Filtering 23 belief(s) against 1 answered round(s)
[beliefs] 9 belief(s) remain after filtering
[beliefs] 15 belief(s) remain after filtering
[beliefs] 14 belief(s) remain after filtering
[beliefs] 9 belief(s) remain after filtering
[beliefs] 15 belief(s) remain after filtering
[beliefs] 8 belief(s) remain after filtering
[beliefs] Generating beliefs from 2 answered round(s)
[beliefs] Generated 64 raw belief(s) across 4 call(s)
[beliefs] 23 belief(s) remain after structural cleanup
[beliefs] Generating beliefs from 2 answered round(s)
[beliefs] Generated 64 raw belief(s) across 4 call(s)
[beliefs] 29 belief(s) remain after structural cleanup
[beliefs] Generating beliefs from 2 answered round(s)
[beliefs] Generated 64 raw belief(s) across 4 call(s)
[beliefs] 23 belief(s) remain after structural cleanup
[beliefs] Generating beliefs from 2 answered round(s)
[beliefs] Generated 64 raw belief(s) across 4 call(s)
[beliefs] 27 belief(s) remain after structural cleanup
[beliefs] Generating beliefs from 2 answered round(s)
[beliefs] Generated 64 raw belief(s) across 4 call(s)
[beliefs] 19 belief(s) remain after structural cleanup
[beliefs] Generating beliefs from 2 answered round(s)
[beliefs] Generated 64 raw belief(s) across 4 call(s)
[beliefs] 25 belief(s) remain after structural cleanup
[beliefs] Validating 146 cleaned belief name(s)
[beliefs] 144 belief(s) remain after animal-name validation
[beliefs] Filtering 22 belief(s) against 2 answered round(s)
[beliefs] Filtering 29 belief(s) against 2 answered round(s)
[beliefs] Filtering 23 belief(s) against 2 answered round(s)
[beliefs] Filtering 27 belief(s) against 2 answered round(s)
[beliefs] Filtering 18 belief(s) against 2 answered round(s)
[beliefs] Filtering 25 belief(s) against 2 answered round(s)
[beliefs] 22 belief(s) remain after filtering
[beliefs] 26 belief(s) remain after filtering
[beliefs] 23 belief(s) remain after filtering
[beliefs] 27 belief(s) remain after filtering
[beliefs] 18 belief(s) remain after filtering
[beliefs] 25 belief(s) remain after filtering
[beliefs] Filtering 12 belief(s) against 1 answered round(s)
[beliefs] Filtering 12 belief(s) against 1 answered round(s)
[beliefs] Filtering 12 belief(s) against 1 answered round(s)
[beliefs] Filtering 12 belief(s) against 1 answered round(s)
[beliefs] Filtering 12 belief(s) against 1 answered round(s)
[beliefs] Filtering 12 belief(s) against 1 answered round(s)
[beliefs] 4 belief(s) remain after filtering
[beliefs] 8 belief(s) remain after filtering
[beliefs] 6 belief(s) remain after filtering
[beliefs] 8 belief(s) remain after filtering
[beliefs] 2 belief(s) remain after filtering
[beliefs] 10 belief(s) remain after filtering
[beliefs] Generating beliefs from 2 answered round(s)
[beliefs] Generated 64 raw belief(s) across 4 call(s)
[beliefs] 20 belief(s) remain after structural cleanup
[beliefs] Generating beliefs from 2 answered round(s)
[beliefs] Generated 64 raw belief(s) across 4 call(s)
[beliefs] 24 belief(s) remain after structural cleanup
[beliefs] Generating beliefs from 2 answered round(s)
[beliefs] Generated 64 raw belief(s) across 4 call(s)
[beliefs] 19 belief(s) remain after structural cleanup
[beliefs] Generating beliefs from 2 answered round(s)
[beliefs] Generated 62 raw belief(s) across 4 call(s)
[beliefs] 30 belief(s) remain after structural cleanup
[beliefs] Generating beliefs from 2 answered round(s)
[beliefs] Generated 64 raw belief(s) across 4 call(s)
[beliefs] 18 belief(s) remain after structural cleanup
[beliefs] Generating beliefs from 2 answered round(s)
[beliefs] Generated 64 raw belief(s) across 4 call(s)
[beliefs] 26 belief(s) remain after structural cleanup
[beliefs] Validating 137 cleaned belief name(s)
[beliefs] 137 belief(s) remain after animal-name validation
[beliefs] Filtering 20 belief(s) against 2 answered round(s)
[beliefs] Filtering 24 belief(s) against 2 answered round(s)
[beliefs] Filtering 19 belief(s) against 2 answered round(s)
[beliefs] Filtering 30 belief(s) against 2 answered round(s)
[beliefs] Filtering 18 belief(s) against 2 answered round(s)
[beliefs] Filtering 26 belief(s) against 2 answered round(s)
[beliefs] 20 belief(s) remain after filtering
[beliefs] 21 belief(s) remain after filtering
[beliefs] 19 belief(s) remain after filtering
[beliefs] 27 belief(s) remain after filtering
[beliefs] 17 belief(s) remain after filtering
[beliefs] 25 belief(s) remain after filtering
[beliefs] Filtering 12 belief(s) against 1 answered round(s)
[beliefs] Filtering 12 belief(s) against 1 answered round(s)
[beliefs] Filtering 12 belief(s) against 1 answered round(s)
[beliefs] Filtering 12 belief(s) against 1 answered round(s)
[beliefs] Filtering 12 belief(s) against 1 answered round(s)
[beliefs] Filtering 12 belief(s) against 1 answered round(s)
[beliefs] 5 belief(s) remain after filtering
[beliefs] 7 belief(s) remain after filtering
[beliefs] 4 belief(s) remain after filtering
[beliefs] 9 belief(s) remain after filtering
[beliefs] 3 belief(s) remain after filtering
[beliefs] 9 belief(s) remain after filtering
[beliefs] Generating beliefs from 2 answered round(s)
[beliefs] Generated 65 raw belief(s) across 4 call(s)
[beliefs] 21 belief(s) remain after structural cleanup
[beliefs] Generating beliefs from 2 answered round(s)
[beliefs] Generated 64 raw belief(s) across 4 call(s)
[beliefs] 21 belief(s) remain after structural cleanup
[beliefs] Generating beliefs from 2 answered round(s)
[beliefs] Generated 64 raw belief(s) across 4 call(s)
[beliefs] 20 belief(s) remain after structural cleanup
[beliefs] Generating beliefs from 2 answered round(s)
[beliefs] Generated 64 raw belief(s) across 4 call(s)
[beliefs] 31 belief(s) remain after structural cleanup
[beliefs] Generating beliefs from 2 answered round(s)
[beliefs] Generated 64 raw belief(s) across 4 call(s)
[beliefs] 18 belief(s) remain after structural cleanup
[beliefs] Generating beliefs from 2 answered round(s)
[beliefs] Generated 64 raw belief(s) across 4 call(s)
[beliefs] 20 belief(s) remain after structural cleanup
[beliefs] Validating 131 cleaned belief name(s)
[beliefs] 130 belief(s) remain after animal-name validation
[beliefs] Filtering 21 belief(s) against 2 answered round(s)
[beliefs] Filtering 21 belief(s) against 2 answered round(s)
[beliefs] Filtering 20 belief(s) against 2 answered round(s)
[beliefs] Filtering 30 belief(s) against 2 answered round(s)
[beliefs] Filtering 18 belief(s) against 2 answered round(s)
[beliefs] Filtering 20 belief(s) against 2 answered round(s)
[beliefs] 20 belief(s) remain after filtering
[beliefs] 14 belief(s) remain after filtering
[beliefs] 20 belief(s) remain after filtering
[beliefs] 27 belief(s) remain after filtering
[beliefs] 18 belief(s) remain after filtering
[beliefs] 17 belief(s) remain after filtering
[beliefs] Filtering 23 belief(s) against 1 answered round(s)
[beliefs] Filtering 23 belief(s) against 1 answered round(s)
[beliefs] Filtering 23 belief(s) against 1 answered round(s)
[beliefs] Filtering 23 belief(s) against 1 answered round(s)
[beliefs] Filtering 23 belief(s) against 1 answered round(s)
[beliefs] Filtering 23 belief(s) against 1 answered round(s)
[beliefs] 17 belief(s) remain after filtering
[beliefs] 6 belief(s) remain after filtering
[beliefs] 8 belief(s) remain after filtering
[beliefs] 15 belief(s) remain after filtering
[beliefs] 11 belief(s) remain after filtering
[beliefs] 12 belief(s) remain after filtering
[beliefs] Generating beliefs from 2 answered round(s)
[beliefs] Generated 64 raw belief(s) across 4 call(s)
[beliefs] 21 belief(s) remain after structural cleanup
[beliefs] Generating beliefs from 2 answered round(s)
[beliefs] Generated 93 raw belief(s) across 4 call(s)
[beliefs] 29 belief(s) remain after structural cleanup
[beliefs] Generating beliefs from 2 answered round(s)
[beliefs] Generated 64 raw belief(s) across 4 call(s)
[beliefs] 21 belief(s) remain after structural cleanup
[beliefs] Generating beliefs from 2 answered round(s)
[beliefs] Generated 64 raw belief(s) across 4 call(s)
[beliefs] 21 belief(s) remain after structural cleanup
[beliefs] Generating beliefs from 2 answered round(s)
[beliefs] Generated 64 raw belief(s) across 4 call(s)
[beliefs] 28 belief(s) remain after structural cleanup
[beliefs] Generating beliefs from 2 answered round(s)
[beliefs] Generated 64 raw belief(s) across 4 call(s)
[beliefs] 22 belief(s) remain after structural cleanup
[beliefs] Validating 142 cleaned belief name(s)
[beliefs] 138 belief(s) remain after animal-name validation
[beliefs] Filtering 21 belief(s) against 2 answered round(s)
[beliefs] Filtering 28 belief(s) against 2 answered round(s)
[beliefs] Filtering 20 belief(s) against 2 answered round(s)
[beliefs] Filtering 21 belief(s) against 2 answered round(s)
[beliefs] Filtering 27 belief(s) against 2 answered round(s)
[beliefs] Filtering 21 belief(s) against 2 answered round(s)
[beliefs] 19 belief(s) remain after filtering
[beliefs] 20 belief(s) remain after filtering
[beliefs] 18 belief(s) remain after filtering
[beliefs] 18 belief(s) remain after filtering
[beliefs] 23 belief(s) remain after filtering
[beliefs] 19 belief(s) remain after filtering
[beliefs] Filtering 24 belief(s) against 1 answered round(s)
[beliefs] Filtering 24 belief(s) against 1 answered round(s)
[beliefs] Filtering 24 belief(s) against 1 answered round(s)
[beliefs] Filtering 24 belief(s) against 1 answered round(s)
[beliefs] Filtering 24 belief(s) against 1 answered round(s)
[beliefs] Filtering 24 belief(s) against 1 answered round(s)
[beliefs] 19 belief(s) remain after filtering
[beliefs] 5 belief(s) remain after filtering
[beliefs] 10 belief(s) remain after filtering
[beliefs] 14 belief(s) remain after filtering
[beliefs] 19 belief(s) remain after filtering
[beliefs] 6 belief(s) remain after filtering
[beliefs] Generating beliefs from 2 answered round(s)
[beliefs] Generated 64 raw belief(s) across 4 call(s)
[beliefs] 20 belief(s) remain after structural cleanup
[beliefs] Generating beliefs from 2 answered round(s)
[beliefs] Generated 64 raw belief(s) across 4 call(s)
[beliefs] 29 belief(s) remain after structural cleanup
[beliefs] Generating beliefs from 2 answered round(s)
[beliefs] Generated 64 raw belief(s) across 4 call(s)
[beliefs] 18 belief(s) remain after structural cleanup
[beliefs] Generating beliefs from 2 answered round(s)
[beliefs] Generated 64 raw belief(s) across 4 call(s)
[beliefs] 26 belief(s) remain after structural cleanup
[beliefs] Generating beliefs from 2 answered round(s)
[beliefs] Generated 64 raw belief(s) across 4 call(s)
[beliefs] 26 belief(s) remain after structural cleanup
[beliefs] Generating beliefs from 2 answered round(s)
[beliefs] Generated 64 raw belief(s) across 4 call(s)
[beliefs] 20 belief(s) remain after structural cleanup
[beliefs] Validating 139 cleaned belief name(s)
[beliefs] 137 belief(s) remain after animal-name validation
[beliefs] Filtering 20 belief(s) against 2 answered round(s)
[beliefs] Filtering 29 belief(s) against 2 answered round(s)
[beliefs] Filtering 18 belief(s) against 2 answered round(s)
[beliefs] Filtering 26 belief(s) against 2 answered round(s)
[beliefs] Filtering 24 belief(s) against 2 answered round(s)
[beliefs] Filtering 20 belief(s) against 2 answered round(s)
[beliefs] 20 belief(s) remain after filtering
[beliefs] 26 belief(s) remain after filtering
[beliefs] 17 belief(s) remain after filtering
[beliefs] 21 belief(s) remain after filtering
[beliefs] 23 belief(s) remain after filtering
[beliefs] 20 belief(s) remain after filtering
[beliefs] Filtering 12 belief(s) against 1 answered round(s)
[beliefs] Filtering 12 belief(s) against 1 answered round(s)
[beliefs] Filtering 12 belief(s) against 1 answered round(s)
[beliefs] Filtering 12 belief(s) against 1 answered round(s)
[beliefs] Filtering 12 belief(s) against 1 answered round(s)
[beliefs] Filtering 12 belief(s) against 1 answered round(s)
[beliefs] 4 belief(s) remain after filtering
[beliefs] 8 belief(s) remain after filtering
[beliefs] 5 belief(s) remain after filtering
[beliefs] 7 belief(s) remain after filtering
[beliefs] 6 belief(s) remain after filtering
[beliefs] 6 belief(s) remain after filtering
[beliefs] Generating beliefs from 2 answered round(s)
[beliefs] Generated 64 raw belief(s) across 4 call(s)
[beliefs] 25 belief(s) remain after structural cleanup
[beliefs] Generating beliefs from 2 answered round(s)
[beliefs] Generated 64 raw belief(s) across 4 call(s)
[beliefs] 21 belief(s) remain after structural cleanup
[beliefs] Generating beliefs from 2 answered round(s)
[beliefs] Generated 64 raw belief(s) across 4 call(s)
[beliefs] 17 belief(s) remain after structural cleanup
[beliefs] Generating beliefs from 2 answered round(s)
[beliefs] Generated 64 raw belief(s) across 4 call(s)
[beliefs] 19 belief(s) remain after structural cleanup
[beliefs] Generating beliefs from 2 answered round(s)
[beliefs] Generated 64 raw belief(s) across 4 call(s)
[beliefs] 25 belief(s) remain after structural cleanup
[beliefs] Generating beliefs from 2 answered round(s)
[beliefs] Generated 64 raw belief(s) across 4 call(s)
[beliefs] 25 belief(s) remain after structural cleanup
[beliefs] Validating 132 cleaned belief name(s)
[beliefs] 131 belief(s) remain after animal-name validation
[beliefs] Filtering 25 belief(s) against 2 answered round(s)
[beliefs] Filtering 21 belief(s) against 2 answered round(s)
[beliefs] Filtering 17 belief(s) against 2 answered round(s)
[beliefs] Filtering 19 belief(s) against 2 answered round(s)
[beliefs] Filtering 24 belief(s) against 2 answered round(s)
[beliefs] Filtering 25 belief(s) against 2 answered round(s)
[beliefs] 25 belief(s) remain after filtering
[beliefs] 16 belief(s) remain after filtering
[beliefs] 17 belief(s) remain after filtering
[beliefs] 18 belief(s) remain after filtering
[beliefs] 24 belief(s) remain after filtering
[beliefs] 25 belief(s) remain after filtering
[beliefs] Filtering 30 belief(s) against 1 answered round(s)
[beliefs] Filtering 30 belief(s) against 1 answered round(s)
[beliefs] Filtering 30 belief(s) against 1 answered round(s)
[beliefs] Filtering 30 belief(s) against 1 answered round(s)
[beliefs] Filtering 30 belief(s) against 1 answered round(s)
[beliefs] Filtering 30 belief(s) against 1 answered round(s)
[beliefs] 23 belief(s) remain after filtering
[beliefs] 7 belief(s) remain after filtering
[beliefs] 17 belief(s) remain after filtering
[beliefs] 15 belief(s) remain after filtering
[beliefs] 19 belief(s) remain after filtering
[beliefs] 13 belief(s) remain after filtering
[beliefs] Generating beliefs from 2 answered round(s)
[beliefs] Generated 64 raw belief(s) across 4 call(s)
[beliefs] 23 belief(s) remain after structural cleanup
[beliefs] Generating beliefs from 2 answered round(s)
[beliefs] Generated 154 raw belief(s) across 4 call(s)
[beliefs] 52 belief(s) remain after structural cleanup
[beliefs] Generating beliefs from 2 answered round(s)
[beliefs] Generated 64 raw belief(s) across 4 call(s)
[beliefs] 18 belief(s) remain after structural cleanup
[beliefs] Generating beliefs from 2 answered round(s)
[beliefs] Generated 64 raw belief(s) across 4 call(s)
[beliefs] 21 belief(s) remain after structural cleanup
[beliefs] Generating beliefs from 2 answered round(s)
[beliefs] Generated 64 raw belief(s) across 4 call(s)
[beliefs] 23 belief(s) remain after structural cleanup
[beliefs] Generating beliefs from 2 answered round(s)
[beliefs] Generated 63 raw belief(s) across 4 call(s)
[beliefs] 28 belief(s) remain after structural cleanup
[beliefs] Validating 165 cleaned belief name(s)
[beliefs] 157 belief(s) remain after animal-name validation
[beliefs] Filtering 22 belief(s) against 2 answered round(s)
[beliefs] Filtering 48 belief(s) against 2 answered round(s)
[beliefs] Filtering 18 belief(s) against 2 answered round(s)
[beliefs] Filtering 21 belief(s) against 2 answered round(s)
[beliefs] Filtering 23 belief(s) against 2 answered round(s)
[beliefs] Filtering 25 belief(s) against 2 answered round(s)
[beliefs] 22 belief(s) remain after filtering
[beliefs] 38 belief(s) remain after filtering
[beliefs] 18 belief(s) remain after filtering
[beliefs] 16 belief(s) remain after filtering
[beliefs] 17 belief(s) remain after filtering
[beliefs] 25 belief(s) remain after filtering
[beliefs] Filtering 19 belief(s) against 1 answered round(s)
[beliefs] Filtering 19 belief(s) against 1 answered round(s)
[beliefs] Filtering 19 belief(s) against 1 answered round(s)
[beliefs] Filtering 19 belief(s) against 1 answered round(s)
[beliefs] Filtering 19 belief(s) against 1 answered round(s)
[beliefs] Filtering 19 belief(s) against 1 answered round(s)
[beliefs] 8 belief(s) remain after filtering
[beliefs] 11 belief(s) remain after filtering
[beliefs] 5 belief(s) remain after filtering
[beliefs] 14 belief(s) remain after filtering
[beliefs] 13 belief(s) remain after filtering
[beliefs] 6 belief(s) remain after filtering
[beliefs] Generating beliefs from 2 answered round(s)
[beliefs] Generated 64 raw belief(s) across 4 call(s)
[beliefs] 19 belief(s) remain after structural cleanup
[beliefs] Generating beliefs from 2 answered round(s)
[beliefs] Generated 64 raw belief(s) across 4 call(s)
[beliefs] 19 belief(s) remain after structural cleanup
[beliefs] Generating beliefs from 2 answered round(s)
[beliefs] Generated 64 raw belief(s) across 4 call(s)
[beliefs] 20 belief(s) remain after structural cleanup
[beliefs] Generating beliefs from 2 answered round(s)
[beliefs] Generated 64 raw belief(s) across 4 call(s)
[beliefs] 26 belief(s) remain after structural cleanup
[beliefs] Generating beliefs from 2 answered round(s)
[beliefs] Generated 64 raw belief(s) across 4 call(s)
[beliefs] 19 belief(s) remain after structural cleanup
[beliefs] Generating beliefs from 2 answered round(s)
[beliefs] Generated 64 raw belief(s) across 4 call(s)
[beliefs] 27 belief(s) remain after structural cleanup
[beliefs] Validating 130 cleaned belief name(s)
[beliefs] 130 belief(s) remain after animal-name validation
[beliefs] Filtering 19 belief(s) against 2 answered round(s)
[beliefs] Filtering 19 belief(s) against 2 answered round(s)
[beliefs] Filtering 20 belief(s) against 2 answered round(s)
[beliefs] Filtering 26 belief(s) against 2 answered round(s)
[beliefs] Filtering 19 belief(s) against 2 answered round(s)
[beliefs] Filtering 27 belief(s) against 2 answered round(s)
[beliefs] 19 belief(s) remain after filtering
[beliefs] 16 belief(s) remain after filtering
[beliefs] 20 belief(s) remain after filtering
[beliefs] 25 belief(s) remain after filtering
[beliefs] 18 belief(s) remain after filtering
[beliefs] 27 belief(s) remain after filtering
[beliefs] Filtering 12 belief(s) against 1 answered round(s)
[beliefs] Filtering 12 belief(s) against 1 answered round(s)
[beliefs] Filtering 12 belief(s) against 1 answered round(s)
[beliefs] Filtering 12 belief(s) against 1 answered round(s)
[beliefs] Filtering 12 belief(s) against 1 answered round(s)
[beliefs] Filtering 12 belief(s) against 1 answered round(s)
[beliefs] 4 belief(s) remain after filtering
[beliefs] 8 belief(s) remain after filtering
[beliefs] 3 belief(s) remain after filtering
[beliefs] 9 belief(s) remain after filtering
[beliefs] 8 belief(s) remain after filtering
[beliefs] 5 belief(s) remain after filtering
[beliefs] Generating beliefs from 2 answered round(s)
[beliefs] Generated 64 raw belief(s) across 4 call(s)
[beliefs] 23 belief(s) remain after structural cleanup
[beliefs] Generating beliefs from 2 answered round(s)
[beliefs] Generated 78 raw belief(s) across 4 call(s)
[beliefs] 41 belief(s) remain after structural cleanup
[beliefs] Generating beliefs from 2 answered round(s)
[beliefs] Generated 64 raw belief(s) across 4 call(s)
[beliefs] 22 belief(s) remain after structural cleanup
[beliefs] Generating beliefs from 2 answered round(s)
[beliefs] Generated 64 raw belief(s) across 4 call(s)
[beliefs] 21 belief(s) remain after structural cleanup
[beliefs] Generating beliefs from 2 answered round(s)
[beliefs] Generated 64 raw belief(s) across 4 call(s)
[beliefs] 17 belief(s) remain after structural cleanup
[beliefs] Generating beliefs from 2 answered round(s)
[beliefs] Generated 64 raw belief(s) across 4 call(s)
[beliefs] 22 belief(s) remain after structural cleanup
[beliefs] Validating 146 cleaned belief name(s)
[beliefs] 144 belief(s) remain after animal-name validation
[beliefs] Filtering 23 belief(s) against 2 answered round(s)
[beliefs] Filtering 41 belief(s) against 2 answered round(s)
[beliefs] Filtering 22 belief(s) against 2 answered round(s)
[beliefs] Filtering 20 belief(s) against 2 answered round(s)
[beliefs] Filtering 16 belief(s) against 2 answered round(s)
[beliefs] Filtering 22 belief(s) against 2 answered round(s)
[beliefs] 23 belief(s) remain after filtering
[beliefs] 35 belief(s) remain after filtering
[beliefs] 21 belief(s) remain after filtering
[beliefs] 20 belief(s) remain after filtering
[beliefs] 16 belief(s) remain after filtering
[beliefs] 21 belief(s) remain after filtering
[beliefs] Filtering 28 belief(s) against 1 answered round(s)
[beliefs] Filtering 28 belief(s) against 1 answered round(s)
[beliefs] Filtering 28 belief(s) against 1 answered round(s)
[beliefs] Filtering 28 belief(s) against 1 answered round(s)
[beliefs] Filtering 28 belief(s) against 1 answered round(s)
[beliefs] Filtering 28 belief(s) against 1 answered round(s)
[beliefs] 20 belief(s) remain after filtering
[beliefs] 8 belief(s) remain after filtering
[beliefs] 8 belief(s) remain after filtering
[beliefs] 20 belief(s) remain after filtering
[beliefs] 16 belief(s) remain after filtering
[beliefs] 12 belief(s) remain after filtering
[beliefs] Generating beliefs from 2 answered round(s)
[beliefs] Generated 64 raw belief(s) across 4 call(s)
[beliefs] 22 belief(s) remain after structural cleanup
[beliefs] Generating beliefs from 2 answered round(s)
[beliefs] Generated 67 raw belief(s) across 4 call(s)
[beliefs] 25 belief(s) remain after structural cleanup
[beliefs] Generating beliefs from 2 answered round(s)
[beliefs] Generated 67 raw belief(s) across 4 call(s)
[beliefs] 26 belief(s) remain after structural cleanup
[beliefs] Generating beliefs from 2 answered round(s)
[beliefs] Generated 64 raw belief(s) across 4 call(s)
[beliefs] 18 belief(s) remain after structural cleanup
[beliefs] Generating beliefs from 2 answered round(s)
[beliefs] Generated 64 raw belief(s) across 4 call(s)
[beliefs] 26 belief(s) remain after structural cleanup
[beliefs] Generating beliefs from 2 answered round(s)
[beliefs] Generated 64 raw belief(s) across 4 call(s)
[beliefs] 23 belief(s) remain after structural cleanup
[beliefs] Validating 140 cleaned belief name(s)
[beliefs] 139 belief(s) remain after animal-name validation
[beliefs] Filtering 22 belief(s) against 2 answered round(s)
[beliefs] Filtering 25 belief(s) against 2 answered round(s)
[beliefs] Filtering 25 belief(s) against 2 answered round(s)
[beliefs] Filtering 18 belief(s) against 2 answered round(s)
[beliefs] Filtering 26 belief(s) against 2 answered round(s)
[beliefs] Filtering 23 belief(s) against 2 answered round(s)
[beliefs] 19 belief(s) remain after filtering
[beliefs] 20 belief(s) remain after filtering
[beliefs] 22 belief(s) remain after filtering
[beliefs] 15 belief(s) remain after filtering
[beliefs] 24 belief(s) remain after filtering
[beliefs] 23 belief(s) remain after filtering
[beliefs] Filtering 24 belief(s) against 1 answered round(s)
[beliefs] Filtering 24 belief(s) against 1 answered round(s)
[beliefs] Filtering 24 belief(s) against 1 answered round(s)
[beliefs] Filtering 24 belief(s) against 1 answered round(s)
[beliefs] Filtering 24 belief(s) against 1 answered round(s)
[beliefs] Filtering 24 belief(s) against 1 answered round(s)
[beliefs] 20 belief(s) remain after filtering
[beliefs] 4 belief(s) remain after filtering
[beliefs] 12 belief(s) remain after filtering
[beliefs] 12 belief(s) remain after filtering
[beliefs] 17 belief(s) remain after filtering
[beliefs] 9 belief(s) remain after filtering
[beliefs] Generating beliefs from 2 answered round(s)
[beliefs] Generated 64 raw belief(s) across 4 call(s)
[beliefs] 24 belief(s) remain after structural cleanup
[beliefs] Generating beliefs from 2 answered round(s)
[beliefs] Generated 99 raw belief(s) across 4 call(s)
[beliefs] 20 belief(s) remain after structural cleanup
[beliefs] Generating beliefs from 2 answered round(s)
[beliefs] Generated 64 raw belief(s) across 4 call(s)
[beliefs] 25 belief(s) remain after structural cleanup
[beliefs] Generating beliefs from 2 answered round(s)
[beliefs] Generated 64 raw belief(s) across 4 call(s)
[beliefs] 25 belief(s) remain after structural cleanup
[beliefs] Generating beliefs from 2 answered round(s)
[beliefs] Generated 64 raw belief(s) across 4 call(s)
[beliefs] 23 belief(s) remain after structural cleanup
[beliefs] Generating beliefs from 2 answered round(s)
[beliefs] Generated 64 raw belief(s) across 4 call(s)
[beliefs] 25 belief(s) remain after structural cleanup
[beliefs] Validating 142 cleaned belief name(s)
[beliefs] 141 belief(s) remain after animal-name validation
[beliefs] Filtering 24 belief(s) against 2 answered round(s)
[beliefs] Filtering 20 belief(s) against 2 answered round(s)
[beliefs] Filtering 25 belief(s) against 2 answered round(s)
[beliefs] Filtering 25 belief(s) against 2 answered round(s)
[beliefs] Filtering 22 belief(s) against 2 answered round(s)
[beliefs] Filtering 25 belief(s) against 2 answered round(s)
[beliefs] 21 belief(s) remain after filtering
[beliefs] 15 belief(s) remain after filtering
[beliefs] 22 belief(s) remain after filtering
[beliefs] 20 belief(s) remain after filtering
[beliefs] 18 belief(s) remain after filtering
[beliefs] 21 belief(s) remain after filtering
[beliefs] Filtering 23 belief(s) against 1 answered round(s)
[beliefs] Filtering 23 belief(s) against 1 answered round(s)
[beliefs] Filtering 23 belief(s) against 1 answered round(s)
[beliefs] Filtering 23 belief(s) against 1 answered round(s)
[beliefs] Filtering 23 belief(s) against 1 answered round(s)
[beliefs] Filtering 23 belief(s) against 1 answered round(s)
[beliefs] 18 belief(s) remain after filtering
[beliefs] 5 belief(s) remain after filtering
[beliefs] 12 belief(s) remain after filtering
[beliefs] 11 belief(s) remain after filtering
[beliefs] 15 belief(s) remain after filtering
[beliefs] 8 belief(s) remain after filtering
{
  "branch_union_truth_recall": 0.4,
  "num_branches": 120,
  "num_states": 20,
  "states_with_nonzero_candidate_coverage": 8,
  "states_with_truth_in_branch_union": 8
}
